// Using locale /usr/local/share/locale/
// C
// /usr/local/share/locale/
// giac
// UTF-8
// Maximum number of parallel threads 1
// Giac share root-directory:/usr/local/share/giac/
// Giac share root-directory:/usr/local/share/giac/
Added 0 synonyms
// Giac share root-directory:/usr/local/share/giac/
// Warning: j, declared as global variable(s). If symbolic variables are required, declare them as local and run purge
// End defining extr
// Warning: a, declared as global variable(s). If symbolic variables are required, declare them as local and run purge
// Success
// End defining monpolyfaddeev
// Success
// Warning: P,x,k, declared as global variable(s). If symbolic variables are required, declare them as local and run purge
// Warning: x, declared as global variable(s). If symbolic variables are required, declare them as local and run purge
// End defining cf
// Warning: a, declared as global variable(s). If symbolic variables are required, declare them as local and run purge
============== restarted ===============
// Time 0
// Time 0
// Time 0
// Time 0
// Time 0
// Time 0
// Time 0
// Time 0
// Time 0
// Time 0
// Time 0
// Time 0
// Time 0
// Time 0
// Time 0
// Time 0.1
// Time 0
// Time 0
// Time 0
// Time 0.1
// Time 0
// Time 0
// Time 0
// Time 0.09
// Time 0
// Time 0
// Time 0.28
// GCD eval dimension 24 669097 Vector [1,1,1,1,1,1,1,1,1,1,1,1,1,1,1,1,1,1,1,1,1,1,1,1] 20 Vector [1,1,1,1,1,1,1,1,1,1,1,1,1,1,1,1,1,1,1,1,1,1,1,1]20 
Find_good_eval 669242 [0,0,0,0,0,0,0,0,0,0,0,0,0,0,0,0,0,0,0,0,0,0,0]
Fb= 669274 0
Gb= 669293 0
Find_good_eval 669302 [44,48,82,48,55,-65,-20,72,-86,-16,77,-46,-28,-28,23,-26,-46,-87,88,6,-16,14,69]
Fb= 669679 %%%{-48,[1]%%%}+%%%{106,[0]%%%}
Gb= 670044 %%%{-48,[1]%%%}+%%%{106,[0]%%%}
FOUND good eval670051 [44,48,82,48,55,-65,-20,72,-86,-16,77,-46,-28,-28,23,-26,-46,-87,88,6,-16,14,69]
// evaled GCD deg 1
Trying p/lgcd(p) as gcd 24 670067
lgcd(p) ok 24 670142
Success p/lgcd(p) as gcd 24 670151
// GCD eval dimension 24 672186 Vector [1,1,1,1,1,1,1,1,1,1,1,1,1,1,1,1,1,1,1,1,1,1,1,1] 60 Vector [1,1,1,1,1,1,1,1,1,1,1,1,1,1,1,1,1,1,1,1,1,1,1,1]60 
Find_good_eval 672319 [0,0,0,0,0,0,0,0,0,0,0,0,0,0,0,0,0,0,0,0,0,0,0]
Fb= 672362 0
Gb= 672395 0
Find_good_eval 672402 [71,-78,-74,81,-27,-87,81,-88,51,-8,68,48,-46,-59,-69,84,31,45,-28,99,84,56,-66]
Fb= 673467 %%%{9425,[1]%%%}+%%%{-1684,[0]%%%}
Gb= 674521 %%%{9425,[1]%%%}+%%%{-1684,[0]%%%}
FOUND good eval674529 [71,-78,-74,81,-27,-87,81,-88,51,-8,68,48,-46,-59,-69,84,31,45,-28,99,84,56,-66]
// evaled GCD deg 1
Trying p/lgcd(p) as gcd 24 674546
lgcd(p) ok 24 674916
Success p/lgcd(p) as gcd 24 674930
// GCD eval dimension 24 678354 Vector [1,1,1,1,1,1,1,1,1,1,1,1,1,1,1,1,1,1,1,1,1,1,1,1] 120 Vector [1,1,1,1,1,1,1,1,1,1,1,1,1,1,1,1,1,1,1,1,1,1,1,1]120 
Find_good_eval 678513 [0,0,0,0,0,0,0,0,0,0,0,0,0,0,0,0,0,0,0,0,0,0,0]
Fb= 678584 0
Gb= 678639 0
Find_good_eval 678645 [92,-31,-63,33,44,93,-37,-20,39,-4,-40,-48,10,-58,31,78,81,-22,10,-26,-97,37,-9]
Fb= 680733 %%%{12176,[1]%%%}+%%%{-12422,[0]%%%}
Gb= 683077 %%%{12176,[1]%%%}+%%%{-12422,[0]%%%}
FOUND good eval683087 [92,-31,-63,33,44,93,-37,-20,39,-4,-40,-48,10,-58,31,78,81,-22,10,-26,-97,37,-9]
// evaled GCD deg 1
Trying p/lgcd(p) as gcd 24 683105
lgcd(p) ok 24 683498
Success p/lgcd(p) as gcd 24 683518
// GCD eval dimension 24 687400 Vector [1,1,1,1,1,1,1,1,1,1,1,1,1,1,1,1,1,1,1,1,1,1,1,1] 120 Vector [1,1,1,1,1,1,1,1,1,1,1,1,1,1,1,1,1,1,1,1,1,1,1,1]120 
Find_good_eval 687558 [0,0,0,0,0,0,0,0,0,0,0,0,0,0,0,0,0,0,0,0,0,0,0]
Fb= 687619 0
Gb= 687672 0
Find_good_eval 687679 [-54,60,89,77,-85,76,84,-5,64,-56,74,98,18,26,0,3,86,32,53,-39,32,45,79]
Fb= 689499 %%%{-8899,[1]%%%}+%%%{-1640,[0]%%%}
Gb= 691307 %%%{-8899,[1]%%%}+%%%{-1640,[0]%%%}
FOUND good eval691316 [-54,60,89,77,-85,76,84,-5,64,-56,74,98,18,26,0,3,86,32,53,-39,32,45,79]
// evaled GCD deg 1
Trying p/lgcd(p) as gcd 24 691332
lgcd(p) ok 24 691912
Success p/lgcd(p) as gcd 24 691932
// GCD eval dimension 24 693516 Vector [1,1,1,1,1,1,1,1,1,1,1,1,1,1,1,1,1,1,1,1,1,1,1,1] 20 Vector [1,1,1,1,1,1,1,1,1,1,1,1,1,1,1,1,1,1,1,1,1,1,1,1]20 
Find_good_eval 693629 [0,0,0,0,0,0,0,0,0,0,0,0,0,0,0,0,0,0,0,0,0,0,0]
Fb= 693661 0
Gb= 693680 0
Find_good_eval 693687 [41,43,-31,42,-91,-77,-72,-7,6,-20,-40,81,-64,83,-68,-60,2,92,8,-70,-12,80,-96]
Fb= 694060 %%%{-42,[1]%%%}+%%%{2451,[0]%%%}
Gb= 694443 %%%{-42,[1]%%%}+%%%{2451,[0]%%%}
FOUND good eval694451 [41,43,-31,42,-91,-77,-72,-7,6,-20,-40,81,-64,83,-68,-60,2,92,8,-70,-12,80,-96]
// evaled GCD deg 1
Trying p/lgcd(p) as gcd 24 694468
lgcd(p) ok 24 694543
Success p/lgcd(p) as gcd 24 694552
// GCD eval dimension 24 696324 Vector [1,1,1,1,1,1,1,1,1,1,1,1,1,1,1,1,1,1,1,1,1,1,1,1] 60 Vector [1,1,1,1,1,1,1,1,1,1,1,1,1,1,1,1,1,1,1,1,1,1,1,1]60 
Find_good_eval 696455 [0,0,0,0,0,0,0,0,0,0,0,0,0,0,0,0,0,0,0,0,0,0,0]
Fb= 696496 0
Gb= 696529 0
Find_good_eval 696535 [-29,-95,-68,60,-66,8,34,-7,-21,-18,-46,11,70,-59,63,-86,67,0,-59,28,-36,-43,55]
Fb= 697527 %%%{6321,[1]%%%}+%%%{13148,[0]%%%}
Gb= 698497 %%%{6321,[1]%%%}+%%%{13148,[0]%%%}
FOUND good eval698504 [-29,-95,-68,60,-66,8,34,-7,-21,-18,-46,11,70,-59,63,-86,67,0,-59,28,-36,-43,55]
// evaled GCD deg 1
Trying p/lgcd(p) as gcd 24 698521
lgcd(p) ok 24 698894
Success p/lgcd(p) as gcd 24 698908
// GCD eval dimension 24 702385 Vector [1,1,1,1,1,1,1,1,1,1,1,1,1,1,1,1,1,1,1,1,1,1,1,1] 120 Vector [1,1,1,1,1,1,1,1,1,1,1,1,1,1,1,1,1,1,1,1,1,1,1,1]120 
Find_good_eval 702545 [0,0,0,0,0,0,0,0,0,0,0,0,0,0,0,0,0,0,0,0,0,0,0]
Fb= 702782 0
Gb= 702845 0
Find_good_eval 702852 [-12,-71,-13,-93,-85,-18,93,-22,-43,-7,-3,46,85,31,84,-86,82,76,-49,-25,-65,15,-33]
Fb= 705023 %%%{14286,[1]%%%}+%%%{-13734,[0]%%%}
Gb= 707157 %%%{14286,[1]%%%}+%%%{-13734,[0]%%%}
FOUND good eval707166 [-12,-71,-13,-93,-85,-18,93,-22,-43,-7,-3,46,85,31,84,-86,82,76,-49,-25,-65,15,-33]
// evaled GCD deg 1
Trying p/lgcd(p) as gcd 24 707182
lgcd(p) ok 24 707581
Success p/lgcd(p) as gcd 24 707602
// GCD eval dimension 24 711499 Vector [1,1,1,1,1,1,1,1,1,1,1,1,1,1,1,1,1,1,1,1,1,1,1,1] 120 Vector [1,1,1,1,1,1,1,1,1,1,1,1,1,1,1,1,1,1,1,1,1,1,1,1]120 
Find_good_eval 711660 [0,0,0,0,0,0,0,0,0,0,0,0,0,0,0,0,0,0,0,0,0,0,0]
Fb= 711721 0
Gb= 711774 0
Find_good_eval 711781 [-84,-49,-17,52,-13,-64,24,84,-65,8,-81,22,61,-16,-8,-16,-33,-6,-57,-32,63,73,13]
Fb= 714166 %%%{-13898,[1]%%%}+%%%{-11140,[0]%%%}
Gb= 716367 %%%{-13898,[1]%%%}+%%%{-11140,[0]%%%}
FOUND good eval716375 [-84,-49,-17,52,-13,-64,24,84,-65,8,-81,22,61,-16,-8,-16,-33,-6,-57,-32,63,73,13]
// evaled GCD deg 1
Trying p/lgcd(p) as gcd 24 716392
lgcd(p) ok 24 716942
Success p/lgcd(p) as gcd 24 716962
// GCD eval dimension 24 718327 Vector [1,1,1,1,1,1,1,1,1,1,1,1,1,1,1,1,1,1,1,1,1,1,1,1] 20 Vector [1,1,1,1,1,1,1,1,1,1,1,1,1,1,1,1,1,1,1,1,1,1,1,1]20 
Find_good_eval 718440 [0,0,0,0,0,0,0,0,0,0,0,0,0,0,0,0,0,0,0,0,0,0,0]
Fb= 718466 0
Gb= 718485 0
Find_good_eval 718492 [-3,-97,-13,89,-63,1,7,11,-47,-77,-14,87,-38,-37,13,-94,17,-70,45,77,-80,-85,75]
Fb= 718857 %%%{-89,[1]%%%}+%%%{-9760,[0]%%%}
Gb= 719217 %%%{-89,[1]%%%}+%%%{-9760,[0]%%%}
FOUND good eval719224 [-3,-97,-13,89,-63,1,7,11,-47,-77,-14,87,-38,-37,13,-94,17,-70,45,77,-80,-85,75]
// evaled GCD deg 1
Trying p/lgcd(p) as gcd 24 719239
lgcd(p) ok 24 719339
Success p/lgcd(p) as gcd 24 719349
// GCD eval dimension 24 721122 Vector [1,1,1,1,1,1,1,1,1,1,1,1,1,1,1,1,1,1,1,1,1,1,1,1] 60 Vector [1,1,1,1,1,1,1,1,1,1,1,1,1,1,1,1,1,1,1,1,1,1,1,1]60 
Find_good_eval 721264 [0,0,0,0,0,0,0,0,0,0,0,0,0,0,0,0,0,0,0,0,0,0,0]
Fb= 721305 0
Gb= 721338 0
Find_good_eval 721345 [-92,-8,-33,-35,42,62,91,-55,63,26,66,-29,89,69,-50,-56,89,-63,61,-4,-97,-89,55]
Fb= 722418 %%%{-14180,[1]%%%}+%%%{2663,[0]%%%}
Gb= 723679 %%%{-14180,[1]%%%}+%%%{2663,[0]%%%}
FOUND good eval723689 [-92,-8,-33,-35,42,62,91,-55,63,26,66,-29,89,69,-50,-56,89,-63,61,-4,-97,-89,55]
// evaled GCD deg 1
Trying p/lgcd(p) as gcd 24 723706
lgcd(p) ok 24 724059
Success p/lgcd(p) as gcd 24 724072
// GCD eval dimension 24 727546 Vector [1,1,1,1,1,1,1,1,1,1,1,1,1,1,1,1,1,1,1,1,1,1,1,1] 120 Vector [1,1,1,1,1,1,1,1,1,1,1,1,1,1,1,1,1,1,1,1,1,1,1,1]120 
Find_good_eval 727703 [0,0,0,0,0,0,0,0,0,0,0,0,0,0,0,0,0,0,0,0,0,0,0]
Fb= 727764 0
Gb= 727818 0
Find_good_eval 727825 [30,-21,-65,-82,-62,5,7,87,-69,71,-44,44,-43,85,53,42,-95,-25,59,-68,96,-78,60]
Fb= 729972 %%%{-8336,[1]%%%}+%%%{-2316,[0]%%%}
Gb= 732106 %%%{-8336,[1]%%%}+%%%{-2316,[0]%%%}
FOUND good eval732114 [30,-21,-65,-82,-62,5,7,87,-69,71,-44,44,-43,85,53,42,-95,-25,59,-68,96,-78,60]
// evaled GCD deg 1
Trying p/lgcd(p) as gcd 24 732131
lgcd(p) ok 24 732515
Success p/lgcd(p) as gcd 24 732534
// GCD eval dimension 24 736606 Vector [1,1,1,1,1,1,1,1,1,1,1,1,1,1,1,1,1,1,1,1,1,1,1,1] 120 Vector [1,1,1,1,1,1,1,1,1,1,1,1,1,1,1,1,1,1,1,1,1,1,1,1]120 
Find_good_eval 736766 [0,0,0,0,0,0,0,0,0,0,0,0,0,0,0,0,0,0,0,0,0,0,0]
Fb= 736828 0
Gb= 736882 0
Find_good_eval 736889 [-22,-84,-1,40,-42,98,79,32,2,-92,39,-20,50,72,91,-18,-31,46,18,29,3,-41,-97]
Fb= 739068 %%%{8943,[1]%%%}+%%%{3549,[0]%%%}
Gb= 741233 %%%{8943,[1]%%%}+%%%{3549,[0]%%%}
FOUND good eval741241 [-22,-84,-1,40,-42,98,79,32,2,-92,39,-20,50,72,91,-18,-31,46,18,29,3,-41,-97]
// evaled GCD deg 1
Trying p/lgcd(p) as gcd 24 741257
lgcd(p) ok 24 741797
Success p/lgcd(p) as gcd 24 741817
// GCD eval dimension 24 743112 Vector [1,1,1,1,1,1,1,1,1,1,1,1,1,1,1,1,1,1,1,1,1,1,1,1] 16 Vector [1,1,1,1,1,1,1,1,1,1,1,1,1,1,1,1,1,1,1,1,1,1,1,1]16 
Find_good_eval 743223 [0,0,0,0,0,0,0,0,0,0,0,0,0,0,0,0,0,0,0,0,0,0,0]
Fb= 743247 0
Gb= 743264 0
Find_good_eval 743271 [-38,2,-51,-98,69,-52,72,50,45,-24,-63,28,32,-66,-52,62,23,85,72,-2,-3,-88,-42]
Fb= 743623 %%%{98,[1]%%%}+%%%{8523,[0]%%%}
Gb= 744188 %%%{98,[1]%%%}+%%%{8523,[0]%%%}
FOUND good eval744198 [-38,2,-51,-98,69,-52,72,50,45,-24,-63,28,32,-66,-52,62,23,85,72,-2,-3,-88,-42]
// evaled GCD deg 1
Trying p/lgcd(p) as gcd 24 744216
lgcd(p) ok 24 744286
Success p/lgcd(p) as gcd 24 744295
// GCD eval dimension 24 745828 Vector [1,1,1,1,1,1,1,1,1,1,1,1,1,1,1,1,1,1,1,1,1,1,1,1] 48 Vector [1,1,1,1,1,1,1,1,1,1,1,1,1,1,1,1,1,1,1,1,1,1,1,1]48 
Find_good_eval 745977 [0,0,0,0,0,0,0,0,0,0,0,0,0,0,0,0,0,0,0,0,0,0,0]
Fb= 746012 0
Gb= 746041 0
Find_good_eval 746048 [-96,-55,-34,-9,-29,-86,-35,1,-36,25,99,60,97,-56,8,-38,11,77,3,39,49,-80,-8]
Fb= 747018 %%%{-5977,[1]%%%}+%%%{12640,[0]%%%}
Gb= 747982 %%%{-5977,[1]%%%}+%%%{12640,[0]%%%}
FOUND good eval747990 [-96,-55,-34,-9,-29,-86,-35,1,-36,25,99,60,97,-56,8,-38,11,77,3,39,49,-80,-8]
// evaled GCD deg 1
Trying p/lgcd(p) as gcd 24 748006
lgcd(p) ok 24 748321
Success p/lgcd(p) as gcd 24 748335
// GCD eval dimension 24 751190 Vector [1,1,1,1,1,1,1,1,1,1,1,1,1,1,1,1,1,1,1,1,1,1,1,1] 96 Vector [1,1,1,1,1,1,1,1,1,1,1,1,1,1,1,1,1,1,1,1,1,1,1,1]96 
Find_good_eval 751351 [0,0,0,0,0,0,0,0,0,0,0,0,0,0,0,0,0,0,0,0,0,0,0]
Fb= 751418 0
Gb= 751465 0
Find_good_eval 751471 [-96,87,35,14,-15,40,39,65,-63,-42,-12,14,51,-33,71,-83,-85,11,52,33,-80,76,14]
Fb= 753304 %%%{3414,[1]%%%}+%%%{-11024,[0]%%%}
Gb= 755344 %%%{3414,[1]%%%}+%%%{-11024,[0]%%%}
FOUND good eval755354 [-96,87,35,14,-15,40,39,65,-63,-42,-12,14,51,-33,71,-83,-85,11,52,33,-80,76,14]
// evaled GCD deg 1
Trying p/lgcd(p) as gcd 24 755372
lgcd(p) ok 24 755788
Success p/lgcd(p) as gcd 24 755806
// GCD eval dimension 24 759017 Vector [1,1,1,1,1,1,1,1,1,1,1,1,1,1,1,1,1,1,1,1,1,1,1,1] 96 Vector [1,1,1,1,1,1,1,1,1,1,1,1,1,1,1,1,1,1,1,1,1,1,1,1]96 
Find_good_eval 759175 [0,0,0,0,0,0,0,0,0,0,0,0,0,0,0,0,0,0,0,0,0,0,0]
Fb= 759230 0
Gb= 759277 0
Find_good_eval 759284 [-33,-32,-27,-64,-69,46,-38,97,-52,64,89,94,26,-27,20,-27,57,24,19,-14,-32,-82,79]
Fb= 761063 %%%{-7276,[1]%%%}+%%%{-10294,[0]%%%}
Gb= 762870 %%%{-7276,[1]%%%}+%%%{-10294,[0]%%%}
FOUND good eval762879 [-33,-32,-27,-64,-69,46,-38,97,-52,64,89,94,26,-27,20,-27,57,24,19,-14,-32,-82,79]
// evaled GCD deg 1
Trying p/lgcd(p) as gcd 24 762895
lgcd(p) ok 24 763534
Success p/lgcd(p) as gcd 24 763554
// GCD eval dimension 24 765077 Vector [1,1,1,1,1,1,1,1,1,1,1,1,1,1,1,1,1,1,1,1,1,1,1,1] 20 Vector [1,1,1,1,1,1,1,1,1,1,1,1,1,1,1,1,1,1,1,1,1,1,1,1]20 
Find_good_eval 765192 [0,0,0,0,0,0,0,0,0,0,0,0,0,0,0,0,0,0,0,0,0,0,0]
Fb= 765218 0
Gb= 765237 0
Find_good_eval 765244 [58,81,-88,-45,12,-32,-20,-40,-77,-21,2,-43,22,43,-79,-92,-3,-93,97,18,-21,73,-15]
Fb= 765640 %%%{45,[1]%%%}+%%%{11095,[0]%%%}
Gb= 766007 %%%{45,[1]%%%}+%%%{11095,[0]%%%}
FOUND good eval766014 [58,81,-88,-45,12,-32,-20,-40,-77,-21,2,-43,22,43,-79,-92,-3,-93,97,18,-21,73,-15]
// evaled GCD deg 1
Trying p/lgcd(p) as gcd 24 766034
lgcd(p) ok 24 766109
Success p/lgcd(p) as gcd 24 766119
// GCD eval dimension 24 767894 Vector [1,1,1,1,1,1,1,1,1,1,1,1,1,1,1,1,1,1,1,1,1,1,1,1] 60 Vector [1,1,1,1,1,1,1,1,1,1,1,1,1,1,1,1,1,1,1,1,1,1,1,1]60 
Find_good_eval 768025 [0,0,0,0,0,0,0,0,0,0,0,0,0,0,0,0,0,0,0,0,0,0,0]
Fb= 768066 0
Gb= 768100 0
Find_good_eval 768106 [-4,-46,-60,79,3,-82,-13,-64,65,-72,77,2,80,44,-33,18,97,71,41,20,-42,71,97]
Fb= 769181 %%%{-78,[1]%%%}+%%%{-10815,[0]%%%}
Gb= 770259 %%%{-78,[1]%%%}+%%%{-10815,[0]%%%}
FOUND good eval770267 [-4,-46,-60,79,3,-82,-13,-64,65,-72,77,2,80,44,-33,18,97,71,41,20,-42,71,97]
// evaled GCD deg 1
Trying p/lgcd(p) as gcd 24 770283
lgcd(p) ok 24 770632
Success p/lgcd(p) as gcd 24 770647
// GCD eval dimension 24 774078 Vector [1,1,1,1,1,1,1,1,1,1,1,1,1,1,1,1,1,1,1,1,1,1,1,1] 120 Vector [1,1,1,1,1,1,1,1,1,1,1,1,1,1,1,1,1,1,1,1,1,1,1,1]120 
Find_good_eval 774238 [0,0,0,0,0,0,0,0,0,0,0,0,0,0,0,0,0,0,0,0,0,0,0]
Fb= 774300 0
Gb= 774354 0
Find_good_eval 774361 [-65,22,-4,-8,-94,40,-94,51,37,69,48,59,-92,-84,-59,-80,72,21,32,2,-43,-99,-71]
Fb= 776671 %%%{-3999,[1]%%%}+%%%{263,[0]%%%}
Gb= 778796 %%%{-3999,[1]%%%}+%%%{263,[0]%%%}
FOUND good eval778804 [-65,22,-4,-8,-94,40,-94,51,37,69,48,59,-92,-84,-59,-80,72,21,32,2,-43,-99,-71]
// evaled GCD deg 1
Trying p/lgcd(p) as gcd 24 778822
lgcd(p) ok 24 779211
Success p/lgcd(p) as gcd 24 779231
// GCD eval dimension 24 783086 Vector [1,1,1,1,1,1,1,1,1,1,1,1,1,1,1,1,1,1,1,1,1,1,1,1] 120 Vector [1,1,1,1,1,1,1,1,1,1,1,1,1,1,1,1,1,1,1,1,1,1,1,1]120 
Find_good_eval 783257 [0,0,0,0,0,0,0,0,0,0,0,0,0,0,0,0,0,0,0,0,0,0,0]
Fb= 783320 0
Gb= 783374 0
Find_good_eval 783382 [16,19,34,-59,-77,-5,-94,80,-82,44,18,-19,-38,1,49,-57,-23,-97,68,-33,21,-43,-38]
Fb= 785772 %%%{-12447,[1]%%%}+%%%{8824,[0]%%%}
Gb= 787930 %%%{-12447,[1]%%%}+%%%{8824,[0]%%%}
FOUND good eval787938 [16,19,34,-59,-77,-5,-94,80,-82,44,18,-19,-38,1,49,-57,-23,-97,68,-33,21,-43,-38]
// evaled GCD deg 1
Trying p/lgcd(p) as gcd 24 787956
lgcd(p) ok 24 788597
Success p/lgcd(p) as gcd 24 788618
// GCD eval dimension 24 790005 Vector [1,1,1,1,1,1,1,1,1,1,1,1,1,1,1,1,1,1,1,1,1,1,1,1] 20 Vector [1,1,1,1,1,1,1,1,1,1,1,1,1,1,1,1,1,1,1,1,1,1,1,1]20 
Find_good_eval 790140 [0,0,0,0,0,0,0,0,0,0,0,0,0,0,0,0,0,0,0,0,0,0,0]
Fb= 790167 0
Gb= 790186 0
Find_good_eval 790193 [-3,-4,-83,-8,-38,29,40,-81,-28,-37,-94,39,18,24,-58,14,-99,-66,65,-98,-18,-81,22]
Fb= 790566 %%%{8,[1]%%%}+%%%{6434,[0]%%%}
Gb= 790934 %%%{8,[1]%%%}+%%%{6434,[0]%%%}
FOUND good eval790940 [-3,-4,-83,-8,-38,29,40,-81,-28,-37,-94,39,18,24,-58,14,-99,-66,65,-98,-18,-81,22]
// evaled GCD deg 1
Trying p/lgcd(p) as gcd 24 790955
lgcd(p) ok 24 791042
Success p/lgcd(p) as gcd 24 791051
// GCD eval dimension 24 792828 Vector [1,1,1,1,1,1,1,1,1,1,1,1,1,1,1,1,1,1,1,1,1,1,1,1] 60 Vector [1,1,1,1,1,1,1,1,1,1,1,1,1,1,1,1,1,1,1,1,1,1,1,1]60 
Find_good_eval 792959 [0,0,0,0,0,0,0,0,0,0,0,0,0,0,0,0,0,0,0,0,0,0,0]
Fb= 793014 0
Gb= 793048 0
Find_good_eval 793054 [73,9,30,75,38,-39,85,33,-4,-70,15,2,72,-32,97,-71,93,80,-3,-64,-13,-73,-15]
Fb= 794131 %%%{9638,[1]%%%}+%%%{-8268,[0]%%%}
Gb= 795186 %%%{9638,[1]%%%}+%%%{-8268,[0]%%%}
FOUND good eval795193 [73,9,30,75,38,-39,85,33,-4,-70,15,2,72,-32,97,-71,93,80,-3,-64,-13,-73,-15]
// evaled GCD deg 1
Trying p/lgcd(p) as gcd 24 795209
lgcd(p) ok 24 795872
Success p/lgcd(p) as gcd 24 795889
// GCD eval dimension 24 799405 Vector [1,1,1,1,1,1,1,1,1,1,1,1,1,1,1,1,1,1,1,1,1,1,1,1] 120 Vector [1,1,1,1,1,1,1,1,1,1,1,1,1,1,1,1,1,1,1,1,1,1,1,1]120 
Find_good_eval 799571 [0,0,0,0,0,0,0,0,0,0,0,0,0,0,0,0,0,0,0,0,0,0,0]
Fb= 799632 0
Gb= 799687 0
Find_good_eval 799694 [40,82,-30,57,-86,73,-42,-28,94,84,33,-8,21,-98,-4,36,4,19,92,-77,-22,63,75]
Fb= 801829 %%%{-2640,[1]%%%}+%%%{-11891,[0]%%%}
Gb= 803969 %%%{-2640,[1]%%%}+%%%{-11891,[0]%%%}
FOUND good eval803978 [40,82,-30,57,-86,73,-42,-28,94,84,33,-8,21,-98,-4,36,4,19,92,-77,-22,63,75]
// evaled GCD deg 1
Trying p/lgcd(p) as gcd 24 803994
lgcd(p) ok 24 804381
Success p/lgcd(p) as gcd 24 804400
// GCD eval dimension 24 808520 Vector [1,1,1,1,1,1,1,1,1,1,1,1,1,1,1,1,1,1,1,1,1,1,1,1] 120 Vector [1,1,1,1,1,1,1,1,1,1,1,1,1,1,1,1,1,1,1,1,1,1,1,1]120 
Find_good_eval 808989 [0,0,0,0,0,0,0,0,0,0,0,0,0,0,0,0,0,0,0,0,0,0,0]
Fb= 809057 0
Gb= 809111 0
Find_good_eval 809119 [91,90,38,-42,-11,-20,-27,64,92,60,-6,67,43,-20,14,-38,-55,51,-96,32,64,-90,-85]
Fb= 811346 %%%{-8088,[1]%%%}+%%%{-13268,[0]%%%}
Gb= 813537 %%%{-8088,[1]%%%}+%%%{-13268,[0]%%%}
FOUND good eval813545 [91,90,38,-42,-11,-20,-27,64,92,60,-6,67,43,-20,14,-38,-55,51,-96,32,64,-90,-85]
// evaled GCD deg 1
Trying p/lgcd(p) as gcd 24 813562
lgcd(p) ok 24 814218
Success p/lgcd(p) as gcd 24 814238
// Time 0.15
// Time 0
// Time 0
// Time 0.01
// Time 0.04
// Time 0.06
// Time 0.22
// Time 0.22
// Time 0
// Time 0
// Time 0
// Time 0
// Time 0
// Time 0
// Time 0
// Time 0
// Time 0
// Time 0
// Time 0
// Time 0
// Time 0
// Time 0.01
// Time 0.01
// Time 0
// Time 0.02
// Time 0.02
// Time 0
// Time 0.08
// Time 0.07
// Time 0
// Time 0.02
// Time 0.08
// Total time 1.58
PASS chk_fhan5 (exit status: 0)
