// Using locale /usr/local/share/locale/
// C
// /usr/local/share/locale/
// giac
// UTF-8
// Maximum number of parallel threads 1
// Giac share root-directory:/usr/local/share/giac/
// Giac share root-directory:/usr/local/share/giac/
Added 0 synonyms
// Giac share root-directory:/usr/local/share/giac/
// Warning: a, declared as global variable(s). If symbolic variables are required, declare them as local and run purge
// Success
// Success
// Success
// Success
// Success
// Success
// Success
// Success
// End defining T
============== restarted ===============
// Time 0.01
// Time 0
// Time 0
// Time 0
// Time 0
// Time 0
// Time 0
// Time 0
// Time 0
0
0
0
0
0
0
0
0
0
0
0
0
0
0
0
0
// Time 0.01
// Time 0
// Time 0
// Time 0
// Time 0
0
0
0
0
0
0
0
0
0
// Time 0.04
// Time 0
// Time 0
// Time 0
// Time 0
// Time 0
0
0
0
0
// Time 0.07
// Time 0
// Time 0
// Time 0
// Time 0
0
// Time 0.1
// Time 0
// Time 0
// Time 0
// Time 0.02
// Time 0
// Time 0
// Time 0
// Time 0
// Time 0
// Time 0
// Time 0
// Time 0
// Time 0
// Time 0
// Time 0
// Time 0
// Time 0
// Time 0
// Time 0
// Time 0.01
// Time 0
// Time 0.03
  *** _ZM_mul_worker: Warning: increasing stack size to 4096000.
// Time 0.15
// Time 0.13
// Time 0.2
// Time 0
// Time 0
// Time 0
// Time 0.02
// Time 0.14
// Time 0.13
// Time 0.13
// Time 0
// Time 0
// Time 0
// Time 0
// Time 0
  ***   Warning: increasing stack size to 4096000.
// Time 0.22
// Time 0.25
// Time 0.19
// Time 0.17
// Time 0
// Time 0
// Time 0
// Time 0
// Time 0.01
// Time 0
// Time 0.21
// Time 0
// Time 0
// Time 0.01

Evaluation time: 0.71
// Time 0.71
// Time 0
// Time 0
// Time 0
// Time 0
// Time 0
// Time 0
// Time 0
// Time 0
// Time 0
// Time 0
// Time 0
// Time 0
// Time 0
// Time 0
// Time 0
// Time 0
// Time 0
// Time 0
// Time 0
// Time 0
// Time 0
// Time 0
// Time 0
// Time 0
// Total time 2.96
PASS chk_fhan4 (exit status: 0)
